2026-07-07 23:59:44,462 - INFO - Iniciando el pipeline de Musica-Analisis...
2026-07-07 23:59:44,531 - INFO - Ejecutando extracción de metadatos de archivos de audio...
2026-07-07 23:59:45,069 - INFO - Se encontraron 17624 archivos para procesar.
2026-07-07 23:59:54,004 - INFO - 10% completado (1763/17624)
2026-07-08 00:00:01,767 - INFO - 20% completado (3525/17624)
2026-07-08 00:00:08,879 - INFO - 30% completado (5288/17624)
2026-07-08 00:00:16,937 - INFO - 40% completado (7050/17624)
2026-07-08 00:00:27,725 - INFO - 50% completado (8812/17624)
2026-07-08 00:00:35,791 - INFO - 60% completado (10575/17624)
2026-07-08 00:00:41,988 - INFO - 70% completado (12337/17624)
2026-07-08 00:00:48,406 - INFO - 80% completado (14100/17624)
2026-07-08 00:00:57,702 - INFO - 90% completado (15862/17624)
2026-07-08 00:01:06,209 - INFO - 100% completado (17624/17624)
2026-07-08 00:01:07,459 - INFO - Metadatos exportados a 'D:\Códigos\Musica-Analisis\files\csv\RAW\Metadata.csv' con 17624 canciones.
2026-07-08 00:01:07,516 - INFO - Convirtiendo archivos XML a CSV...
2026-07-08 00:01:14,080 - INFO - Convertido: Biblioteca.xml
2026-07-08 00:01:14,121 - INFO - PRE_RAW -> Procesado: Ado.xml
2026-07-08 00:01:14,134 - INFO - PRE_RAW -> Procesado: Against The Current.xml
2026-07-08 00:01:14,153 - INFO - PRE_RAW -> Procesado: Aimer.xml
2026-07-08 00:01:14,159 - INFO - PRE_RAW -> Procesado: Aitana.xml
2026-07-08 00:01:14,164 - INFO - PRE_RAW -> Procesado: Alex Soto.xml
2026-07-08 00:01:14,170 - INFO - PRE_RAW -> Procesado: ALI.xml
2026-07-08 00:01:14,180 - INFO - PRE_RAW -> Procesado: Babymetal.xml
2026-07-08 00:01:14,189 - INFO - PRE_RAW -> Procesado: Bad Omens.xml
2026-07-08 00:01:14,198 - INFO - PRE_RAW -> Procesado: Belanova.xml
2026-07-08 00:01:14,203 - INFO - PRE_RAW -> Procesado: Chrissy Costanza.xml
2026-07-08 00:01:14,207 - INFO - PRE_RAW -> Procesado: Concierto_ Ado WORLD TOUR 2025 Hibana.xml
2026-07-08 00:01:14,212 - INFO - PRE_RAW -> Procesado: Concierto_ Aespa SYNK Parallel Line - CDMX 2025.xml
2026-07-08 00:01:14,216 - INFO - PRE_RAW -> Procesado: Concierto_ Against The Current Nightmares & Daydreams - CDMX 2023.xml
2026-07-08 00:01:14,224 - INFO - PRE_RAW -> Procesado: Concierto_ Atarashii Gakko! World Tour Part II - CDMX 2024.xml
2026-07-08 00:01:14,229 - INFO - PRE_RAW -> Procesado: Concierto_ Babymetal Wold Tour 2025-2026.xml
2026-07-08 00:01:14,236 - INFO - PRE_RAW -> Procesado: Concierto_ BlackPink Born Pink World Tour - CDMX 2023.xml
2026-07-08 00:01:14,241 - INFO - PRE_RAW -> Procesado: Concierto_ Daoko World Tour - CDMX 2023.xml
2026-07-08 00:01:14,249 - INFO - PRE_RAW -> Procesado: Concierto_ Dua Lipa Radical Optimism Tour.xml
2026-07-08 00:01:14,257 - INFO - PRE_RAW -> Procesado: Concierto_ El Cuarteto de Nos Lámina Once Tour.xml
2026-07-08 00:01:14,261 - INFO - PRE_RAW -> Procesado: Concierto_ LiSA Another Great Day.xml
2026-07-08 00:01:14,265 - INFO - PRE_RAW -> Procesado: Concierto_ Nano World Tour 2025 - CDMX 2025.xml
2026-07-08 00:01:14,269 - INFO - PRE_RAW -> Procesado: Concierto_ One Ok Rock DETOX Tour.xml
2026-07-08 00:01:14,276 - INFO - PRE_RAW -> Procesado: Concierto_ One Ok Rock Luxury Disease Japan Tour 2023.xml
2026-07-08 00:01:14,279 - INFO - PRE_RAW -> Procesado: Concierto_ One Ok Rock USA - South America - Europe Tour 2014.xml
2026-07-08 00:01:14,285 - INFO - PRE_RAW -> Procesado: Concierto_ Paty Cantú Feliz Breakup Tour - CDMX 2023.xml
2026-07-08 00:01:14,292 - INFO - PRE_RAW -> Procesado: Concierto_ Paty Cantú Feliz Breakup Tour - CDMX 2024.xml
2026-07-08 00:01:14,296 - INFO - PRE_RAW -> Procesado: Concierto_ Scandal Tour 2025 Love, Spark, Joy.xml
2026-07-08 00:01:14,301 - INFO - PRE_RAW -> Procesado: Concierto_ SiM Latam Tour.xml
2026-07-08 00:01:14,306 - INFO - PRE_RAW -> Procesado: Concierto_ Twice Ready To Be - CDMX 2024.xml
2026-07-08 00:01:14,314 - INFO - PRE_RAW -> Procesado: Cö shu Nie.xml
2026-07-08 00:01:14,325 - INFO - PRE_RAW -> Procesado: DAOKO.xml
2026-07-08 00:01:14,336 - INFO - PRE_RAW -> Procesado: Dua Lipa.xml
2026-07-08 00:01:14,348 - INFO - PRE_RAW -> Procesado: El Cuarteto de Nos.xml
2026-07-08 00:01:14,363 - INFO - PRE_RAW -> Procesado: Ellie Goulding.xml
2026-07-08 00:01:14,371 - INFO - PRE_RAW -> Procesado: Flip.xml
2026-07-08 00:01:14,381 - INFO - PRE_RAW -> Procesado: Garnidelia.xml
2026-07-08 00:01:14,388 - INFO - PRE_RAW -> Procesado: Jesse & Joy.xml
2026-07-08 00:01:14,392 - INFO - PRE_RAW -> Procesado: Jotdog.xml
2026-07-08 00:01:14,397 - INFO - PRE_RAW -> Procesado: Knotlamp.xml
2026-07-08 00:01:14,406 - INFO - PRE_RAW -> Procesado: Ling Tosite Sigure.xml
2026-07-08 00:01:14,421 - INFO - PRE_RAW -> Procesado: LiSA.xml
2026-07-08 00:01:14,425 - INFO - PRE_RAW -> Procesado: Maisondes.xml
2026-07-08 00:01:14,436 - INFO - PRE_RAW -> Procesado: Milet.xml
2026-07-08 00:01:14,439 - INFO - PRE_RAW -> Procesado: Montevideo.xml
2026-07-08 00:01:14,446 - INFO - PRE_RAW -> Procesado: Måneskin.xml
2026-07-08 00:01:14,477 - INFO - PRE_RAW -> Procesado: One Ok Rock.xml
2026-07-08 00:01:14,498 - INFO - PRE_RAW -> Procesado: Paty Cantú.xml
2026-07-08 00:01:14,514 - INFO - PRE_RAW -> Procesado: Sabino.xml
2026-07-08 00:01:14,522 - INFO - PRE_RAW -> Procesado: Sakanaction.xml
2026-07-08 00:01:14,536 - INFO - PRE_RAW -> Procesado: Scandal.xml
2026-07-08 00:01:14,542 - INFO - PRE_RAW -> Procesado: Sekai no Owari.xml
2026-07-08 00:01:14,549 - INFO - PRE_RAW -> Procesado: SiM.xml
2026-07-08 00:01:14,561 - INFO - PRE_RAW -> Procesado: The Oral Cigarettes.xml
2026-07-08 00:01:14,575 - INFO - PRE_RAW -> Procesado: TK from 凛として時雨.xml
2026-07-08 00:01:14,591 - INFO - PRE_RAW -> Procesado: Twice.xml
2026-07-08 00:01:14,600 - INFO - PRE_RAW -> Procesado: Voilà.xml
2026-07-08 00:01:14,604 - INFO - PRE_RAW -> Procesado: Yoasobi.xml
2026-07-08 00:01:14,606 - INFO - PRE_RAW -> Procesado: こっちのけんと.xml
2026-07-08 00:01:14,614 - INFO - PRE_RAW -> Procesado: キタニタツヤ.xml
2026-07-08 00:01:14,620 - INFO - PRE_RAW -> Procesado: ジェニーハイ.xml
2026-07-08 00:01:14,633 - INFO - PRE_RAW -> Procesado: ナノ.xml
2026-07-08 00:01:14,637 - INFO - PRE_RAW -> Procesado: ファントムシータ.xml
2026-07-08 00:01:14,652 - INFO - PRE_RAW -> Procesado: フレデリック.xml
2026-07-08 00:01:14,661 - INFO - PRE_RAW -> Procesado: ポルカドットスティングレイ.xml
2026-07-08 00:01:14,673 - INFO - PRE_RAW -> Procesado: 宇多田ヒカル.xml
2026-07-08 00:01:14,683 - INFO - PRE_RAW -> Procesado: 家入レオ.xml
2026-07-08 00:01:14,692 - INFO - PRE_RAW -> Procesado: 新しい学校のリーダーズ.xml
2026-07-08 00:01:14,755 - INFO - PRE_RAW unificado -> D:\Códigos\Musica-Analisis\files\csv\RAW\Playlist.csv
2026-07-08 00:01:14,759 - INFO - Cargando datos en la base de datos PostgreSQL...
2026-07-08 00:01:31,695 - INFO - Cargado exitosamente: Biblioteca.csv en RAW
2026-07-08 00:01:36,932 - INFO - Cargado exitosamente: Metadata.csv en RAW
2026-07-08 00:01:37,232 - INFO - Cargado exitosamente: Playlist.csv en RAW
2026-07-08 00:01:37,233 - INFO - Creando/Actualizando vistas en la base de datos...
2026-07-08 00:01:37,606 - INFO - Generando playlists...
2026-07-08 00:01:37,740 - INFO - Procesando playlist: Rafaga corta
2026-07-08 00:01:37,797 - INFO - Playlist generada: D:\Códigos\Musica-Analisis\files\playlists\Rafaga corta.m3u8 con 21 canciones.
2026-07-08 00:01:37,797 - INFO - Procesando playlist: Exclusivos locales
2026-07-08 00:01:37,845 - INFO - Playlist generada: D:\Códigos\Musica-Analisis\files\playlists\Exclusivos locales.m3u8 con 43 canciones.
2026-07-08 00:01:37,845 - INFO - Procesando playlist: Canciones rankeadas
2026-07-08 00:01:42,191 - INFO - Playlist generada: D:\Códigos\Musica-Analisis\files\playlists\Canciones rankeadas.m3u8 con 138 canciones.
2026-07-08 00:01:42,191 - INFO - Procesando playlist: Nocturna
2026-07-08 00:01:44,047 - INFO - Playlist generada: D:\Códigos\Musica-Analisis\files\playlists\Nocturna.m3u8 con 79 canciones.
2026-07-08 00:01:44,047 - INFO - Procesando playlist: Entrenamiento
2026-07-08 00:01:44,077 - INFO - Playlist generada: D:\Códigos\Musica-Analisis\files\playlists\Entrenamiento.m3u8 con 201 canciones.
2026-07-08 00:01:44,077 - INFO - Procesando playlist: Karaoke
2026-07-08 00:01:44,119 - INFO - Playlist generada: D:\Códigos\Musica-Analisis\files\playlists\Karaoke.m3u8 con 29 canciones.
2026-07-08 00:01:44,119 - INFO - Procesando playlist: Modo zen
2026-07-08 00:01:44,149 - INFO - Playlist generada: D:\Códigos\Musica-Analisis\files\playlists\Modo zen.m3u8 con 50 canciones.
2026-07-08 00:01:44,149 - INFO - Procesando playlist: Baul recuerdos
2026-07-08 00:01:44,183 - INFO - Playlist generada: D:\Códigos\Musica-Analisis\files\playlists\Baul recuerdos.m3u8 con 0 canciones.
2026-07-08 00:01:44,183 - INFO - Procesando playlist: Segunda oportunidad
2026-07-08 00:01:44,246 - INFO - Playlist generada: D:\Códigos\Musica-Analisis\files\playlists\Segunda oportunidad.m3u8 con 2 canciones.
2026-07-08 00:01:44,246 - INFO - Procesando playlist: Obsesion reciente
2026-07-08 00:01:44,310 - INFO - Playlist generada: D:\Códigos\Musica-Analisis\files\playlists\Obsesion reciente.m3u8 con 2 canciones.
2026-07-08 00:01:44,311 - INFO - Procesando playlist: Viajes epicos
2026-07-08 00:01:44,335 - INFO - Playlist generada: D:\Códigos\Musica-Analisis\files\playlists\Viajes epicos.m3u8 con 12 canciones.
2026-07-08 00:01:44,336 - INFO - Procesando playlist: Vibras acusticas
2026-07-08 00:01:44,364 - INFO - Playlist generada: D:\Códigos\Musica-Analisis\files\playlists\Vibras acusticas.m3u8 con 37 canciones.
2026-07-08 00:01:44,364 - INFO - Procesando playlist: Viaje cromatico
2026-07-08 00:01:44,492 - INFO - Playlist generada: D:\Códigos\Musica-Analisis\files\playlists\Viaje cromatico.m3u8 con 2771 canciones.
2026-07-08 00:01:44,492 - INFO - Procesando playlist: Maquina tiempo 2000s
2026-07-08 00:01:44,530 - INFO - Playlist generada: D:\Códigos\Musica-Analisis\files\playlists\Maquina tiempo 2000s.m3u8 con 50 canciones.
2026-07-08 00:01:44,530 - INFO - El proceso finalizó con éxito.
2026-07-08 00:23:41,406 - INFO - Iniciando el pipeline de Musica-Analisis...
2026-07-08 00:23:41,519 - INFO - Ejecutando extracción de metadatos de archivos de audio...
2026-07-08 00:23:41,985 - INFO - Se encontraron 17624 archivos para procesar.
2026-07-08 00:23:48,366 - INFO - 10% completado (1763/17624)
2026-07-08 00:23:54,072 - INFO - 20% completado (3525/17624)
2026-07-08 00:23:59,174 - INFO - 30% completado (5288/17624)
2026-07-08 00:24:04,538 - INFO - 40% completado (7050/17624)
2026-07-08 00:24:09,918 - INFO - 50% completado (8812/17624)
2026-07-08 00:24:15,056 - INFO - 60% completado (10575/17624)
2026-07-08 00:24:20,008 - INFO - 70% completado (12337/17624)
2026-07-08 00:24:25,170 - INFO - 80% completado (14100/17624)
2026-07-08 00:24:32,267 - INFO - 90% completado (15862/17624)
2026-07-08 00:24:41,064 - INFO - 100% completado (17624/17624)
2026-07-08 00:24:42,505 - INFO - Metadatos exportados a 'D:\Códigos\Musica-Analisis\files\csv\RAW\Metadata.csv' con 17624 canciones.
2026-07-08 00:24:42,578 - INFO - Convirtiendo archivos XML a CSV...
2026-07-08 00:24:48,804 - INFO - Convertido: Biblioteca.xml
2026-07-08 00:24:48,844 - INFO - PRE_RAW -> Procesado: Ado.xml
2026-07-08 00:24:48,864 - INFO - PRE_RAW -> Procesado: Against The Current.xml
2026-07-08 00:24:48,890 - INFO - PRE_RAW -> Procesado: Aimer.xml
2026-07-08 00:24:48,906 - INFO - PRE_RAW -> Procesado: Aitana.xml
2026-07-08 00:24:48,920 - INFO - PRE_RAW -> Procesado: Alex Soto.xml
2026-07-08 00:24:48,935 - INFO - PRE_RAW -> Procesado: ALI.xml
2026-07-08 00:24:48,947 - INFO - PRE_RAW -> Procesado: Asian Kung-Fu Generation.xml
2026-07-08 00:24:48,964 - INFO - PRE_RAW -> Procesado: Babymetal.xml
2026-07-08 00:24:48,980 - INFO - PRE_RAW -> Procesado: Bad Omens.xml
2026-07-08 00:24:48,996 - INFO - PRE_RAW -> Procesado: Belanova.xml
2026-07-08 00:24:49,000 - INFO - PRE_RAW -> Procesado: Chrissy Costanza.xml
2026-07-08 00:24:49,015 - INFO - PRE_RAW -> Procesado: Concierto_ Ado WORLD TOUR 2025 Hibana.xml
2026-07-08 00:24:49,031 - INFO - PRE_RAW -> Procesado: Concierto_ Aespa SYNK Parallel Line - CDMX 2025.xml
2026-07-08 00:24:49,045 - INFO - PRE_RAW -> Procesado: Concierto_ Against The Current Nightmares & Daydreams - CDMX 2023.xml
2026-07-08 00:24:49,060 - INFO - PRE_RAW -> Procesado: Concierto_ Atarashii Gakko! World Tour Part II - CDMX 2024.xml
2026-07-08 00:24:49,074 - INFO - PRE_RAW -> Procesado: Concierto_ Babymetal Wold Tour 2025-2026.xml
2026-07-08 00:24:49,089 - INFO - PRE_RAW -> Procesado: Concierto_ BlackPink Born Pink World Tour - CDMX 2023.xml
2026-07-08 00:24:49,103 - INFO - PRE_RAW -> Procesado: Concierto_ Daoko World Tour - CDMX 2023.xml
2026-07-08 00:24:49,120 - INFO - PRE_RAW -> Procesado: Concierto_ Dua Lipa Radical Optimism Tour.xml
2026-07-08 00:24:49,138 - INFO - PRE_RAW -> Procesado: Concierto_ El Cuarteto de Nos Lámina Once Tour.xml
2026-07-08 00:24:49,153 - INFO - PRE_RAW -> Procesado: Concierto_ LiSA Another Great Day.xml
2026-07-08 00:24:49,166 - INFO - PRE_RAW -> Procesado: Concierto_ Nano World Tour 2025 - CDMX 2025.xml
2026-07-08 00:24:49,187 - INFO - PRE_RAW -> Procesado: Concierto_ One Ok Rock DETOX Tour.xml
2026-07-08 00:24:49,208 - INFO - PRE_RAW -> Procesado: Concierto_ One Ok Rock Luxury Disease Japan Tour 2023.xml
2026-07-08 00:24:49,224 - INFO - PRE_RAW -> Procesado: Concierto_ One Ok Rock USA - South America - Europe Tour 2014.xml
2026-07-08 00:24:49,242 - INFO - PRE_RAW -> Procesado: Concierto_ Paty Cantú Feliz Breakup Tour - CDMX 2023.xml
2026-07-08 00:24:49,261 - INFO - PRE_RAW -> Procesado: Concierto_ Paty Cantú Feliz Breakup Tour - CDMX 2024.xml
2026-07-08 00:24:49,276 - INFO - PRE_RAW -> Procesado: Concierto_ Scandal Tour 2025 Love, Spark, Joy.xml
2026-07-08 00:24:49,290 - INFO - PRE_RAW -> Procesado: Concierto_ SiM Latam Tour.xml
2026-07-08 00:24:49,306 - INFO - PRE_RAW -> Procesado: Concierto_ Twice Ready To Be - CDMX 2024.xml
2026-07-08 00:24:49,324 - INFO - PRE_RAW -> Procesado: Cö shu Nie.xml
2026-07-08 00:24:49,332 - INFO - PRE_RAW -> Procesado: DAOKO.xml
2026-07-08 00:24:49,354 - INFO - PRE_RAW -> Procesado: Dua Lipa.xml
2026-07-08 00:24:49,377 - INFO - PRE_RAW -> Procesado: El Cuarteto de Nos.xml
2026-07-08 00:24:49,402 - INFO - PRE_RAW -> Procesado: Ellie Goulding.xml
2026-07-08 00:24:49,418 - INFO - PRE_RAW -> Procesado: Flip.xml
2026-07-08 00:24:49,437 - INFO - PRE_RAW -> Procesado: Garnidelia.xml
2026-07-08 00:24:49,453 - INFO - PRE_RAW -> Procesado: Jesse & Joy.xml
2026-07-08 00:24:49,465 - INFO - PRE_RAW -> Procesado: Jotdog.xml
2026-07-08 00:24:49,478 - INFO - PRE_RAW -> Procesado: Knotlamp.xml
2026-07-08 00:24:49,497 - INFO - PRE_RAW -> Procesado: Ling Tosite Sigure.xml
2026-07-08 00:24:49,513 - INFO - PRE_RAW -> Procesado: LiSA.xml
2026-07-08 00:24:49,515 - INFO - PRE_RAW -> Procesado: Maisondes.xml
2026-07-08 00:24:49,534 - INFO - PRE_RAW -> Procesado: Milet.xml
2026-07-08 00:24:49,545 - INFO - PRE_RAW -> Procesado: Montevideo.xml
2026-07-08 00:24:49,560 - INFO - PRE_RAW -> Procesado: Måneskin.xml
2026-07-08 00:24:49,594 - INFO - PRE_RAW -> Procesado: One Ok Rock.xml
2026-07-08 00:24:49,618 - INFO - PRE_RAW -> Procesado: Paty Cantú.xml
2026-07-08 00:24:49,637 - INFO - PRE_RAW -> Procesado: Sabino.xml
2026-07-08 00:24:49,652 - INFO - PRE_RAW -> Procesado: Scandal.xml
2026-07-08 00:24:49,666 - INFO - PRE_RAW -> Procesado: Sekai no Owari.xml
2026-07-08 00:24:49,683 - INFO - PRE_RAW -> Procesado: SiM.xml
2026-07-08 00:24:49,691 - INFO - PRE_RAW -> Procesado: The Oral Cigarettes.xml
2026-07-08 00:24:49,712 - INFO - PRE_RAW -> Procesado: TK from 凛として時雨.xml
2026-07-08 00:24:49,736 - INFO - PRE_RAW -> Procesado: Twice.xml
2026-07-08 00:24:49,743 - INFO - PRE_RAW -> Procesado: Voilà.xml
2026-07-08 00:24:49,751 - INFO - PRE_RAW -> Procesado: Yoasobi.xml
2026-07-08 00:24:49,753 - INFO - PRE_RAW -> Procesado: こっちのけんと.xml
2026-07-08 00:24:49,768 - INFO - PRE_RAW -> Procesado: キタニタツヤ.xml
2026-07-08 00:24:49,788 - INFO - PRE_RAW -> Procesado: サカナクション.xml
2026-07-08 00:24:49,807 - INFO - PRE_RAW -> Procesado: ジェニーハイ.xml
2026-07-08 00:24:49,837 - INFO - PRE_RAW -> Procesado: ナノ.xml
2026-07-08 00:24:49,840 - INFO - PRE_RAW -> Procesado: ファントムシータ.xml
2026-07-08 00:24:49,859 - INFO - PRE_RAW -> Procesado: フレデリック.xml
2026-07-08 00:24:49,867 - INFO - PRE_RAW -> Procesado: ポルカドットスティングレイ.xml
2026-07-08 00:24:49,888 - INFO - PRE_RAW -> Procesado: 宇多田ヒカル.xml
2026-07-08 00:24:49,906 - INFO - PRE_RAW -> Procesado: 家入レオ.xml
2026-07-08 00:24:49,914 - INFO - PRE_RAW -> Procesado: 新しい学校のリーダーズ.xml
2026-07-08 00:24:49,975 - INFO - PRE_RAW unificado -> D:\Códigos\Musica-Analisis\files\csv\RAW\Playlist.csv
2026-07-08 00:24:49,978 - INFO - Cargando datos en la base de datos PostgreSQL...
2026-07-08 00:24:51,561 - INFO - Cargado exitosamente: Biblioteca.csv en RAW
2026-07-08 00:24:56,464 - INFO - Cargado exitosamente: Metadata.csv en RAW
2026-07-08 00:24:56,717 - INFO - Cargado exitosamente: Playlist.csv en RAW
2026-07-08 00:24:56,717 - INFO - Creando/Actualizando vistas en la base de datos...
2026-07-08 00:24:56,811 - INFO - Generando playlists...
2026-07-08 00:24:56,904 - INFO - Procesando playlist: Karaoke
2026-07-08 00:24:56,965 - INFO - Playlist generada: D:\Códigos\Musica-Analisis\files\playlists\Karaoke.m3u8 con 29 canciones.
2026-07-08 00:24:56,965 - INFO - Procesando playlist: Modo zen
2026-07-08 00:24:56,995 - INFO - Playlist generada: D:\Códigos\Musica-Analisis\files\playlists\Modo zen.m3u8 con 50 canciones.
2026-07-08 00:24:56,995 - INFO - Procesando playlist: Baul recuerdos
2026-07-08 00:24:57,029 - INFO - Playlist generada: D:\Códigos\Musica-Analisis\files\playlists\Baul recuerdos.m3u8 con 0 canciones.
2026-07-08 00:24:57,029 - INFO - Procesando playlist: Segunda oportunidad
2026-07-08 00:24:57,072 - INFO - Playlist generada: D:\Códigos\Musica-Analisis\files\playlists\Segunda oportunidad.m3u8 con 2 canciones.
2026-07-08 00:24:57,072 - INFO - Procesando playlist: Obsesion reciente
2026-07-08 00:24:57,117 - INFO - Playlist generada: D:\Códigos\Musica-Analisis\files\playlists\Obsesion reciente.m3u8 con 2 canciones.
2026-07-08 00:24:57,117 - INFO - Procesando playlist: Viajes epicos
2026-07-08 00:24:57,142 - INFO - Playlist generada: D:\Códigos\Musica-Analisis\files\playlists\Viajes epicos.m3u8 con 12 canciones.
2026-07-08 00:24:57,142 - INFO - Procesando playlist: Canciones rankeadas
2026-07-08 00:25:00,466 - INFO - Playlist generada: D:\Códigos\Musica-Analisis\files\playlists\Canciones rankeadas.m3u8 con 144 canciones.
2026-07-08 00:25:00,466 - INFO - Procesando playlist: Nocturna
2026-07-08 00:25:02,315 - INFO - Playlist generada: D:\Códigos\Musica-Analisis\files\playlists\Nocturna.m3u8 con 79 canciones.
2026-07-08 00:25:02,315 - INFO - Procesando playlist: Entrenamiento
2026-07-08 00:25:02,345 - INFO - Playlist generada: D:\Códigos\Musica-Analisis\files\playlists\Entrenamiento.m3u8 con 201 canciones.
2026-07-08 00:25:02,345 - INFO - Procesando playlist: Vibras acusticas
2026-07-08 00:25:02,373 - INFO - Playlist generada: D:\Códigos\Musica-Analisis\files\playlists\Vibras acusticas.m3u8 con 37 canciones.
2026-07-08 00:25:02,374 - INFO - Procesando playlist: Rafaga corta
2026-07-08 00:25:02,395 - INFO - Playlist generada: D:\Códigos\Musica-Analisis\files\playlists\Rafaga corta.m3u8 con 21 canciones.
2026-07-08 00:25:02,395 - INFO - Procesando playlist: Exclusivos locales
2026-07-08 00:25:02,441 - INFO - Playlist generada: D:\Códigos\Musica-Analisis\files\playlists\Exclusivos locales.m3u8 con 43 canciones.
2026-07-08 00:25:02,442 - INFO - Procesando playlist: Viaje cromatico
2026-07-08 00:25:02,564 - INFO - Playlist generada: D:\Códigos\Musica-Analisis\files\playlists\Viaje cromatico.m3u8 con 2771 canciones.
2026-07-08 00:25:02,564 - INFO - Procesando playlist: Maquina tiempo 2000s
2026-07-08 00:25:02,594 - INFO - Playlist generada: D:\Códigos\Musica-Analisis\files\playlists\Maquina tiempo 2000s.m3u8 con 50 canciones.
2026-07-08 00:25:02,594 - INFO - El proceso finalizó con éxito.
2026-07-08 01:00:34,658 - INFO - Iniciando el pipeline de Musica-Analisis...
2026-07-08 01:00:34,765 - INFO - Ejecutando extracción de metadatos de archivos de audio...
2026-07-08 01:00:35,166 - INFO - Se encontraron 17634 archivos para procesar.
2026-07-08 01:00:37,717 - INFO - 10% completado (1764/17634)
2026-07-08 01:00:38,896 - INFO - 20% completado (3527/17634)
2026-07-08 01:00:39,699 - INFO - 30% completado (5291/17634)
2026-07-08 01:00:40,737 - INFO - 40% completado (7054/17634)
2026-07-08 01:00:41,605 - INFO - 50% completado (8817/17634)
2026-07-08 01:00:42,569 - INFO - 60% completado (10581/17634)
2026-07-08 01:00:43,398 - INFO - 70% completado (12344/17634)
2026-07-08 01:00:44,293 - INFO - 80% completado (14108/17634)
2026-07-08 01:00:45,228 - INFO - 90% completado (15871/17634)
2026-07-08 01:00:46,221 - INFO - 100% completado (17634/17634)
2026-07-08 01:00:46,968 - INFO - Metadatos exportados a 'D:\Códigos\Musica-Analisis\files\csv\RAW\Metadata.csv' con 17634 canciones.
2026-07-08 01:00:47,010 - INFO - Convirtiendo archivos XML a CSV...
2026-07-08 01:00:50,475 - INFO - Convertido: Biblioteca.xml
2026-07-08 01:00:50,498 - INFO - PRE_RAW -> Procesado: Ado.xml
2026-07-08 01:00:50,504 - INFO - PRE_RAW -> Procesado: Against The Current.xml
2026-07-08 01:00:50,515 - INFO - PRE_RAW -> Procesado: Aimer.xml
2026-07-08 01:00:50,520 - INFO - PRE_RAW -> Procesado: Aitana.xml
2026-07-08 01:00:50,523 - INFO - PRE_RAW -> Procesado: Alex Soto.xml
2026-07-08 01:00:50,527 - INFO - PRE_RAW -> Procesado: ALI.xml
2026-07-08 01:00:50,529 - INFO - PRE_RAW -> Procesado: Asian Kung-Fu Generation.xml
2026-07-08 01:00:50,534 - INFO - PRE_RAW -> Procesado: Babymetal.xml
2026-07-08 01:00:50,539 - INFO - PRE_RAW -> Procesado: Bad Omens.xml
2026-07-08 01:00:50,544 - INFO - PRE_RAW -> Procesado: Belanova.xml
2026-07-08 01:00:50,547 - INFO - PRE_RAW -> Procesado: Chrissy Costanza.xml
2026-07-08 01:00:50,551 - INFO - PRE_RAW -> Procesado: Concierto_ Ado WORLD TOUR 2025 Hibana.xml
2026-07-08 01:00:50,554 - INFO - PRE_RAW -> Procesado: Concierto_ Aespa SYNK Parallel Line - CDMX 2025.xml
2026-07-08 01:00:50,558 - INFO - PRE_RAW -> Procesado: Concierto_ Against The Current Nightmares & Daydreams - CDMX 2023.xml
2026-07-08 01:00:50,561 - INFO - PRE_RAW -> Procesado: Concierto_ Atarashii Gakko! World Tour Part II - CDMX 2024.xml
2026-07-08 01:00:50,564 - INFO - PRE_RAW -> Procesado: Concierto_ Babymetal Wold Tour 2025-2026.xml
2026-07-08 01:00:50,567 - INFO - PRE_RAW -> Procesado: Concierto_ BlackPink Born Pink World Tour - CDMX 2023.xml
2026-07-08 01:00:50,570 - INFO - PRE_RAW -> Procesado: Concierto_ Daoko World Tour - CDMX 2023.xml
2026-07-08 01:00:50,574 - INFO - PRE_RAW -> Procesado: Concierto_ Dua Lipa Radical Optimism Tour.xml
2026-07-08 01:00:50,578 - INFO - PRE_RAW -> Procesado: Concierto_ El Cuarteto de Nos Lámina Once Tour.xml
2026-07-08 01:00:50,581 - INFO - PRE_RAW -> Procesado: Concierto_ LiSA Another Great Day.xml
2026-07-08 01:00:50,583 - INFO - PRE_RAW -> Procesado: Concierto_ Nano World Tour 2025 - CDMX 2025.xml
2026-07-08 01:00:50,587 - INFO - PRE_RAW -> Procesado: Concierto_ One Ok Rock DETOX Tour.xml
2026-07-08 01:00:50,591 - INFO - PRE_RAW -> Procesado: Concierto_ One Ok Rock Luxury Disease Japan Tour 2023.xml
2026-07-08 01:00:50,593 - INFO - PRE_RAW -> Procesado: Concierto_ One Ok Rock USA - South America - Europe Tour 2014.xml
2026-07-08 01:00:50,598 - INFO - PRE_RAW -> Procesado: Concierto_ Paty Cantú Feliz Breakup Tour - CDMX 2023.xml
2026-07-08 01:00:50,604 - INFO - PRE_RAW -> Procesado: Concierto_ Paty Cantú Feliz Breakup Tour - CDMX 2024.xml
2026-07-08 01:00:50,607 - INFO - PRE_RAW -> Procesado: Concierto_ Scandal Tour 2025 Love, Spark, Joy.xml
2026-07-08 01:00:50,611 - INFO - PRE_RAW -> Procesado: Concierto_ SiM Latam Tour.xml
2026-07-08 01:00:50,615 - INFO - PRE_RAW -> Procesado: Concierto_ Twice Ready To Be - CDMX 2024.xml
2026-07-08 01:00:50,621 - INFO - PRE_RAW -> Procesado: Cö shu Nie.xml
2026-07-08 01:00:50,627 - INFO - PRE_RAW -> Procesado: DAOKO.xml
2026-07-08 01:00:50,635 - INFO - PRE_RAW -> Procesado: Dua Lipa.xml
2026-07-08 01:00:50,644 - INFO - PRE_RAW -> Procesado: El Cuarteto de Nos.xml
2026-07-08 01:00:50,653 - INFO - PRE_RAW -> Procesado: Ellie Goulding.xml
2026-07-08 01:00:50,659 - INFO - PRE_RAW -> Procesado: Flip.xml
2026-07-08 01:00:50,666 - INFO - PRE_RAW -> Procesado: Garnidelia.xml
2026-07-08 01:00:50,671 - INFO - PRE_RAW -> Procesado: Jesse & Joy.xml
2026-07-08 01:00:50,674 - INFO - PRE_RAW -> Procesado: Jotdog.xml
2026-07-08 01:00:50,677 - INFO - PRE_RAW -> Procesado: Knotlamp.xml
2026-07-08 01:00:50,683 - INFO - PRE_RAW -> Procesado: Ling Tosite Sigure.xml
2026-07-08 01:00:50,696 - INFO - PRE_RAW -> Procesado: LiSA.xml
2026-07-08 01:00:50,699 - INFO - PRE_RAW -> Procesado: Maisondes.xml
2026-07-08 01:00:50,704 - INFO - PRE_RAW -> Procesado: Milet.xml
2026-07-08 01:00:50,705 - INFO - PRE_RAW -> Procesado: Montevideo.xml
2026-07-08 01:00:50,709 - INFO - PRE_RAW -> Procesado: Måneskin.xml
2026-07-08 01:00:50,727 - INFO - PRE_RAW -> Procesado: One Ok Rock.xml
2026-07-08 01:00:50,739 - INFO - PRE_RAW -> Procesado: Paty Cantú.xml
2026-07-08 01:00:50,746 - INFO - PRE_RAW -> Procesado: Sabino.xml
2026-07-08 01:00:50,757 - INFO - PRE_RAW -> Procesado: Scandal.xml
2026-07-08 01:00:50,760 - INFO - PRE_RAW -> Procesado: Sekai no Owari.xml
2026-07-08 01:00:50,765 - INFO - PRE_RAW -> Procesado: SiM.xml
2026-07-08 01:00:50,773 - INFO - PRE_RAW -> Procesado: The Oral Cigarettes.xml
2026-07-08 01:00:50,780 - INFO - PRE_RAW -> Procesado: TK from 凛として時雨.xml
2026-07-08 01:00:50,791 - INFO - PRE_RAW -> Procesado: Twice.xml
2026-07-08 01:00:50,797 - INFO - PRE_RAW -> Procesado: Voilà.xml
2026-07-08 01:00:50,804 - INFO - PRE_RAW -> Procesado: Yoasobi.xml
2026-07-08 01:00:50,805 - INFO - PRE_RAW -> Procesado: こっちのけんと.xml
2026-07-08 01:00:50,809 - INFO - PRE_RAW -> Procesado: キタニタツヤ.xml
2026-07-08 01:00:50,814 - INFO - PRE_RAW -> Procesado: サカナクション.xml
2026-07-08 01:00:50,819 - INFO - PRE_RAW -> Procesado: ジェニーハイ.xml
2026-07-08 01:00:50,829 - INFO - PRE_RAW -> Procesado: ナノ.xml
2026-07-08 01:00:50,832 - INFO - PRE_RAW -> Procesado: ファントムシータ.xml
2026-07-08 01:00:50,838 - INFO - PRE_RAW -> Procesado: フレデリック.xml
2026-07-08 01:00:50,845 - INFO - PRE_RAW -> Procesado: ポルカドットスティングレイ.xml
2026-07-08 01:00:50,853 - INFO - PRE_RAW -> Procesado: 宇多田ヒカル.xml
2026-07-08 01:00:50,859 - INFO - PRE_RAW -> Procesado: 家入レオ.xml
2026-07-08 01:00:50,865 - INFO - PRE_RAW -> Procesado: 新しい学校のリーダーズ.xml
2026-07-08 01:00:50,911 - INFO - PRE_RAW unificado -> D:\Códigos\Musica-Analisis\files\csv\RAW\Playlist.csv
2026-07-08 01:00:50,915 - INFO - Cargando datos en la base de datos PostgreSQL...
2026-07-08 01:00:52,380 - INFO - Cargado exitosamente: Biblioteca.csv en RAW
2026-07-08 01:00:57,078 - INFO - Cargado exitosamente: Metadata.csv en RAW
2026-07-08 01:00:57,315 - INFO - Cargado exitosamente: Playlist.csv en RAW
2026-07-08 01:00:57,315 - INFO - Creando/Actualizando vistas en la base de datos...
2026-07-08 01:00:57,364 - INFO - Generando playlists...
2026-07-08 01:00:57,424 - INFO - Procesando playlist: Canciones rankeadas
2026-07-08 01:01:00,783 - INFO - Playlist generada: D:\Códigos\Musica-Analisis\files\playlists\Canciones rankeadas.m3u8 con 144 canciones.
2026-07-08 01:01:00,784 - INFO - Procesando playlist: Nocturna
2026-07-08 01:01:02,662 - INFO - Playlist generada: D:\Códigos\Musica-Analisis\files\playlists\Nocturna.m3u8 con 79 canciones.
2026-07-08 01:01:02,662 - INFO - Procesando playlist: Entrenamiento
2026-07-08 01:01:02,692 - INFO - Playlist generada: D:\Códigos\Musica-Analisis\files\playlists\Entrenamiento.m3u8 con 201 canciones.
2026-07-08 01:01:02,692 - INFO - Procesando playlist: Karaoke
2026-07-08 01:01:02,735 - INFO - Playlist generada: D:\Códigos\Musica-Analisis\files\playlists\Karaoke.m3u8 con 29 canciones.
2026-07-08 01:01:02,735 - INFO - Procesando playlist: Modo zen
2026-07-08 01:01:02,765 - INFO - Playlist generada: D:\Códigos\Musica-Analisis\files\playlists\Modo zen.m3u8 con 50 canciones.
2026-07-08 01:01:02,765 - INFO - Procesando playlist: Baul recuerdos
2026-07-08 01:01:02,800 - INFO - Playlist generada: D:\Códigos\Musica-Analisis\files\playlists\Baul recuerdos.m3u8 con 0 canciones.
2026-07-08 01:01:02,800 - INFO - Procesando playlist: Segunda oportunidad
2026-07-08 01:01:02,863 - INFO - Playlist generada: D:\Códigos\Musica-Analisis\files\playlists\Segunda oportunidad.m3u8 con 2 canciones.
2026-07-08 01:01:02,865 - INFO - Procesando playlist: Obsesion reciente
2026-07-08 01:01:02,929 - INFO - Playlist generada: D:\Códigos\Musica-Analisis\files\playlists\Obsesion reciente.m3u8 con 2 canciones.
2026-07-08 01:01:02,929 - INFO - Procesando playlist: Viajes epicos
2026-07-08 01:01:02,954 - INFO - Playlist generada: D:\Códigos\Musica-Analisis\files\playlists\Viajes epicos.m3u8 con 12 canciones.
2026-07-08 01:01:02,954 - INFO - Procesando playlist: Vibras acusticas
2026-07-08 01:01:02,982 - INFO - Playlist generada: D:\Códigos\Musica-Analisis\files\playlists\Vibras acusticas.m3u8 con 37 canciones.
2026-07-08 01:01:02,982 - INFO - Procesando playlist: Rafaga corta
2026-07-08 01:01:03,004 - INFO - Playlist generada: D:\Códigos\Musica-Analisis\files\playlists\Rafaga corta.m3u8 con 21 canciones.
2026-07-08 01:01:03,004 - INFO - Procesando playlist: Exclusivos locales
2026-07-08 01:01:03,051 - INFO - Playlist generada: D:\Códigos\Musica-Analisis\files\playlists\Exclusivos locales.m3u8 con 43 canciones.
2026-07-08 01:01:03,051 - INFO - Procesando playlist: Viaje cromatico
2026-07-08 01:01:03,173 - INFO - Playlist generada: D:\Códigos\Musica-Analisis\files\playlists\Viaje cromatico.m3u8 con 2771 canciones.
2026-07-08 01:01:03,173 - INFO - Procesando playlist: Maquina tiempo 2000s
2026-07-08 01:01:03,203 - INFO - Playlist generada: D:\Códigos\Musica-Analisis\files\playlists\Maquina tiempo 2000s.m3u8 con 50 canciones.
2026-07-08 01:01:03,203 - INFO - El proceso finalizó con éxito.
